{"ts": "2026-09-10T05:36:29Z", "repository": "ever-co/ever-gauzy", "pid": 96408, "alive": true, "ps": "PID  %CPU %MEM ELAPSED STAT COMM\n96408   0.0  0.0   02:00 S    /bin/bash"}
{"ts": "2026-09-10T05:38:29Z", "repository": "ever-co/ever-gauzy", "pid": 96408, "alive": true, "ps": "PID  %CPU %MEM ELAPSED STAT COMM\n96408   0.0  0.0   04:00 S    /bin/bash"}
{"ts": "2026-09-10T05:40:29Z", "repository": "ever-co/ever-gauzy", "pid": 96408, "alive": true, "ps": "PID  %CPU %MEM ELAPSED STAT COMM\n96408   1.5  0.0   06:00 S    /bin/bash"}
{"ts": "2026-09-10T05:42:29Z", "repository": "ever-co/ever-gauzy", "pid": 96408, "alive": true, "ps": "PID  %CPU %MEM ELAPSED STAT COMM\n96408   0.2  0.0   08:00 S    /bin/bash"}
{"ts": "2026-09-10T05:44:30Z", "repository": "ever-co/ever-gauzy", "pid": 96408, "alive": true, "ps": "PID  %CPU %MEM ELAPSED STAT COMM\n96408   0.0  0.0   10:01 S    /bin/bash"}
{"ts": "2026-09-10T05:46:30Z", "repository": "ever-co/ever-gauzy", "pid": 96408, "alive": true, "ps": "PID  %CPU %MEM ELAPSED STAT COMM\n96408   0.9  0.0   12:01 S    /bin/bash"}
{"ts": "2026-09-10T05:48:30Z", "repository": "ever-co/ever-gauzy", "pid": 96408, "alive": true, "ps": "PID  %CPU %MEM ELAPSED STAT COMM\n96408   0.0  0.0   14:01 S    /bin/bash"}
{"ts": "2026-09-10T05:50:30Z", "repository": "ever-co/ever-gauzy", "pid": 96408, "alive": true, "ps": "PID  %CPU %MEM ELAPSED STAT COMM\n96408   0.0  0.0   16:01 S    /bin/bash"}
{"ts": "2026-09-10T05:52:30Z", "repository": "ever-co/ever-gauzy", "pid": 96408, "alive": true, "ps": "PID  %CPU %MEM ELAPSED STAT COMM\n96408   0.0  0.0   18:01 S    /bin/bash"}
{"ts": "2026-09-10T05:54:30Z", "repository": "ever-co/ever-gauzy", "pid": 96408, "alive": true, "ps": "PID  %CPU %MEM ELAPSED STAT COMM\n96408   0.0  0.0   20:01 S    /bin/bash"}
{"ts": "2026-09-10T05:56:30Z", "repository": "ever-co/ever-gauzy", "pid": 96408, "alive": true, "ps": "PID  %CPU %MEM ELAPSED STAT COMM\n96408   0.0  0.0   22:01 S    /bin/bash"}
{"ts": "2026-09-10T05:58:30Z", "repository": "ever-co/ever-gauzy", "pid": 96408, "alive": true, "ps": "PID  %CPU %MEM ELAPSED STAT COMM\n96408   0.0  0.0   24:01 S    /bin/bash"}
{"ts": "2026-09-10T06:00:30Z", "repository": "ever-co/ever-gauzy", "pid": 96408, "alive": true, "ps": "PID  %CPU %MEM ELAPSED STAT COMM\n96408   0.0  0.0   26:01 S    /bin/bash"}
{"ts": "2026-09-10T06:02:31Z", "repository": "ever-co/ever-gauzy", "pid": 96408, "alive": true, "ps": "PID  %CPU %MEM ELAPSED STAT COMM\n96408   0.1  0.0   28:02 S    /bin/bash"}
{"ts": "2026-09-10T06:04:31Z", "repository": "ever-co/ever-gauzy", "pid": 96408, "alive": true, "ps": "PID  %CPU %MEM ELAPSED STAT COMM\n96408   0.0  0.0   30:02 S    /bin/bash"}
{"ts": "2026-09-10T06:06:31Z", "repository": "ever-co/ever-gauzy", "pid": 96408, "alive": true, "ps": "PID  %CPU %MEM ELAPSED STAT COMM\n96408   0.0  0.0   32:02 S    /bin/bash"}
{"ts": "2026-09-10T06:08:31Z", "repository": "ever-co/ever-gauzy", "pid": 96408, "alive": true, "ps": "PID  %CPU %MEM ELAPSED STAT COMM\n96408   0.0  0.0   34:02 S    /bin/bash"}
{"ts": "2026-09-10T06:10:31Z", "repository": "ever-co/ever-gauzy", "pid": 96408, "alive": true, "ps": "PID  %CPU %MEM ELAPSED STAT COMM\n96408   0.0  0.0   36:02 S    /bin/bash"}
{"ts": "2026-09-10T06:12:31Z", "repository": "ever-co/ever-gauzy", "pid": 96408, "alive": true, "ps": "PID  %CPU %MEM ELAPSED STAT COMM\n96408   0.0  0.0   38:02 S    /bin/bash"}
{"ts": "2026-09-10T06:14:31Z", "repository": "ever-co/ever-gauzy", "pid": 96408, "alive": true, "ps": "PID  %CPU %MEM ELAPSED STAT COMM\n96408   0.0  0.0   40:02 S    /bin/bash"}
{"ts": "2026-09-10T06:16:31Z", "repository": "ever-co/ever-gauzy", "pid": 96408, "alive": true, "ps": "PID  %CPU %MEM ELAPSED STAT COMM\n96408   0.0  0.0   42:02 S    /bin/bash"}
{"ts": "2026-09-10T06:18:32Z", "repository": "ever-co/ever-gauzy", "pid": 96408, "alive": true, "ps": "PID  %CPU %MEM ELAPSED STAT COMM\n96408   0.0  0.0   44:03 S    /bin/bash"}
{"ts": "2026-09-10T06:20:32Z", "repository": "ever-co/ever-gauzy", "pid": 96408, "alive": true, "ps": "PID  %CPU %MEM ELAPSED STAT COMM\n96408   0.0  0.0   46:03 S    /bin/bash"}
{"ts": "2026-09-10T06:22:32Z", "repository": "ever-co/ever-gauzy", "pid": 96408, "alive": true, "ps": "PID  %CPU %MEM ELAPSED STAT COMM\n96408   0.2  0.0   48:03 S    /bin/bash"}
{"ts": "2026-09-10T06:24:32Z", "repository": "ever-co/ever-gauzy", "pid": 96408, "alive": true, "ps": "PID  %CPU %MEM ELAPSED STAT COMM\n96408   0.0  0.0   50:03 S    /bin/bash"}
{"ts": "2026-09-10T06:26:32Z", "repository": "ever-co/ever-gauzy", "pid": 96408, "alive": true, "ps": "PID  %CPU %MEM ELAPSED STAT COMM\n96408   0.0  0.0   52:03 S    /bin/bash"}
{"ts": "2026-09-10T06:28:32Z", "repository": "ever-co/ever-gauzy", "pid": 96408, "alive": true, "ps": "PID  %CPU %MEM ELAPSED STAT COMM\n96408   0.0  0.0   54:03 S    /bin/bash"}
{"ts": "2026-09-10T06:30:32Z", "repository": "ever-co/ever-gauzy", "pid": 96408, "alive": true, "ps": "PID  %CPU %MEM ELAPSED STAT COMM\n96408   0.0  0.0   56:03 S    /bin/bash"}
{"ts": "2026-09-10T06:32:32Z", "repository": "ever-co/ever-gauzy", "pid": 96408, "alive": true, "ps": "PID  %CPU %MEM ELAPSED STAT COMM\n96408   0.1  0.0   58:03 S    /bin/bash"}
{"ts": "2026-09-10T06:34:32Z", "repository": "ever-co/ever-gauzy", "pid": 96408, "alive": true, "ps": "PID  %CPU %MEM  ELAPSED STAT COMM\n96408   0.0  0.0 01:00:03 S    /bin/bash"}
{"ts": "2026-09-10T06:36:33Z", "repository": "ever-co/ever-gauzy", "pid": 96408, "alive": true, "ps": "PID  %CPU %MEM  ELAPSED STAT COMM\n96408   0.0  0.0 01:02:04 S    /bin/bash"}
{"ts": "2026-09-10T06:38:33Z", "repository": "ever-co/ever-gauzy", "pid": 96408, "alive": true, "ps": "PID  %CPU %MEM  ELAPSED STAT COMM\n96408   0.0  0.0 01:04:04 S    /bin/bash"}
{"ts": "2026-09-10T06:40:33Z", "repository": "ever-co/ever-gauzy", "pid": 96408, "alive": true, "ps": "PID  %CPU %MEM  ELAPSED STAT COMM\n96408   0.0  0.0 01:06:04 S    /bin/bash"}
{"ts": "2026-09-10T06:42:33Z", "repository": "ever-co/ever-gauzy", "pid": 96408, "alive": true, "ps": "PID  %CPU %MEM  ELAPSED STAT COMM\n96408   0.0  0.0 01:08:04 S    /bin/bash"}
{"ts": "2026-09-10T06:44:33Z", "repository": "ever-co/ever-gauzy", "pid": 96408, "alive": true, "ps": "PID  %CPU %MEM  ELAPSED STAT COMM\n96408   0.6  0.0 01:10:04 S    /bin/bash"}
{"ts": "2026-09-10T06:46:33Z", "repository": "ever-co/ever-gauzy", "pid": 96408, "alive": true, "ps": "PID  %CPU %MEM  ELAPSED STAT COMM\n96408   0.0  0.0 01:12:04 S    /bin/bash"}
{"ts": "2026-09-10T06:48:33Z", "repository": "ever-co/ever-gauzy", "pid": 96408, "alive": true, "ps": "PID  %CPU %MEM  ELAPSED STAT COMM\n96408   0.0  0.0 01:14:04 S    /bin/bash"}
{"ts": "2026-09-10T06:50:34Z", "repository": "ever-co/ever-gauzy", "pid": 96408, "alive": true, "ps": "PID  %CPU %MEM  ELAPSED STAT COMM\n96408   0.2  0.0 01:16:05 S    /bin/bash"}
{"ts": "2026-09-10T06:52:34Z", "repository": "ever-co/ever-gauzy", "pid": 96408, "alive": true, "ps": "PID  %CPU %MEM  ELAPSED STAT COMM\n96408   0.0  0.0 01:18:05 S    /bin/bash"}
{"ts": "2026-09-10T06:54:34Z", "repository": "ever-co/ever-gauzy", "pid": 96408, "alive": true, "ps": "PID  %CPU %MEM  ELAPSED STAT COMM\n96408   0.1  0.0 01:20:05 S    /bin/bash"}
{"ts": "2026-09-10T06:56:34Z", "repository": "ever-co/ever-gauzy", "pid": 96408, "alive": true, "ps": "PID  %CPU %MEM  ELAPSED STAT COMM\n96408   0.1  0.0 01:22:05 S    /bin/bash"}
{"ts": "2026-09-10T06:58:34Z", "repository": "ever-co/ever-gauzy", "pid": 96408, "alive": true, "ps": "PID  %CPU %MEM  ELAPSED STAT COMM\n96408   0.1  0.0 01:24:05 S    /bin/bash"}
{"ts": "2026-09-10T07:00:34Z", "repository": "ever-co/ever-gauzy", "pid": 96408, "alive": true, "ps": "PID  %CPU %MEM  ELAPSED STAT COMM\n96408   0.0  0.0 01:26:05 S    /bin/bash"}
{"ts": "2026-09-10T07:02:34Z", "repository": "ever-co/ever-gauzy", "pid": 96408, "alive": true, "ps": "PID  %CPU %MEM  ELAPSED STAT COMM\n96408   0.0  0.0 01:28:05 S    /bin/bash"}
{"ts": "2026-09-10T07:04:35Z", "repository": "ever-co/ever-gauzy", "pid": 96408, "alive": true, "ps": "PID  %CPU %MEM  ELAPSED STAT COMM\n96408   0.0  0.0 01:30:06 S    /bin/bash"}
{"ts": "2026-09-10T07:06:35Z", "repository": "ever-co/ever-gauzy", "pid": 96408, "alive": true, "ps": "PID  %CPU %MEM  ELAPSED STAT COMM\n96408   0.0  0.0 01:32:06 S    /bin/bash"}
{"ts": "2026-09-10T07:08:35Z", "repository": "ever-co/ever-gauzy", "pid": 96408, "alive": true, "ps": "PID  %CPU %MEM  ELAPSED STAT COMM\n96408   0.0  0.0 01:34:06 S    /bin/bash"}
{"ts": "2026-09-10T07:10:35Z", "repository": "ever-co/ever-gauzy", "pid": 96408, "alive": true, "ps": "PID  %CPU %MEM  ELAPSED STAT COMM\n96408   0.0  0.0 01:36:06 S    /bin/bash"}
{"ts": "2026-09-10T07:12:35Z", "repository": "ever-co/ever-gauzy", "pid": 96408, "alive": true, "ps": "PID  %CPU %MEM  ELAPSED STAT COMM\n96408   0.0  0.0 01:38:06 S    /bin/bash"}
{"ts": "2026-09-10T07:14:35Z", "repository": "ever-co/ever-gauzy", "pid": 96408, "alive": true, "ps": "PID  %CPU %MEM  ELAPSED STAT COMM\n96408   0.0  0.0 01:40:06 S    /bin/bash"}
{"ts": "2026-09-10T07:16:35Z", "repository": "ever-co/ever-gauzy", "pid": 96408, "alive": true, "ps": "PID  %CPU %MEM  ELAPSED STAT COMM\n96408   0.0  0.0 01:42:06 S    /bin/bash"}
{"ts": "2026-09-10T07:18:35Z", "repository": "ever-co/ever-gauzy", "pid": 96408, "alive": true, "ps": "PID  %CPU %MEM  ELAPSED STAT COMM\n96408   1.2  0.0 01:44:06 S    /bin/bash"}
{"ts": "2026-09-10T07:20:35Z", "repository": "ever-co/ever-gauzy", "pid": 96408, "alive": true, "ps": "PID  %CPU %MEM  ELAPSED STAT COMM\n96408   1.6  0.0 01:46:06 S    /bin/bash"}
{"ts": "2026-09-10T07:22:36Z", "repository": "ever-co/ever-gauzy", "pid": 96408, "alive": true, "ps": "PID  %CPU %MEM  ELAPSED STAT COMM\n96408   0.0  0.0 01:48:07 S    /bin/bash"}
{"ts": "2026-09-10T07:24:36Z", "repository": "ever-co/ever-gauzy", "pid": 96408, "alive": true, "ps": "PID  %CPU %MEM  ELAPSED STAT COMM\n96408   0.6  0.0 01:50:07 S    /bin/bash"}
{"ts": "2026-09-10T07:28:49Z", "repository": "open-mercato/open-mercato", "pid": 39577, "alive": true, "ps": "PID  %CPU %MEM ELAPSED STAT COMM\n39577   0.0  0.0   02:00 S    /bin/bash"}
{"ts": "2026-09-10T07:30:49Z", "repository": "open-mercato/open-mercato", "pid": 39577, "alive": true, "ps": "PID  %CPU %MEM ELAPSED STAT COMM\n39577   0.4  0.0   04:00 S    /bin/bash"}
{"ts": "2026-09-10T07:32:49Z", "repository": "open-mercato/open-mercato", "pid": 39577, "alive": true, "ps": "PID  %CPU %MEM ELAPSED STAT COMM\n39577   7.0  0.0   06:00 S    /bin/bash"}
{"ts": "2026-09-10T07:34:49Z", "repository": "open-mercato/open-mercato", "pid": 39577, "alive": true, "ps": "PID  %CPU %MEM ELAPSED STAT COMM\n39577   0.4  0.0   08:00 S    /bin/bash"}
{"ts": "2026-09-10T07:36:49Z", "repository": "open-mercato/open-mercato", "pid": 39577, "alive": true, "ps": "PID  %CPU %MEM ELAPSED STAT COMM\n39577   0.7  0.0   10:00 S    /bin/bash"}
{"ts": "2026-09-10T07:38:49Z", "repository": "open-mercato/open-mercato", "pid": 39577, "alive": true, "ps": "PID  %CPU %MEM ELAPSED STAT COMM\n39577   0.3  0.0   12:00 S    /bin/bash"}
{"ts": "2026-09-10T07:40:49Z", "repository": "open-mercato/open-mercato", "pid": 39577, "alive": true, "ps": "PID  %CPU %MEM ELAPSED STAT COMM\n39577   0.6  0.0   14:00 S    /bin/bash"}
{"ts": "2026-09-10T07:42:49Z", "repository": "open-mercato/open-mercato", "pid": 39577, "alive": true, "ps": "PID  %CPU %MEM ELAPSED STAT COMM\n39577   0.3  0.0   16:00 S    /bin/bash"}
{"ts": "2026-09-10T07:44:50Z", "repository": "open-mercato/open-mercato", "pid": 39577, "alive": true, "ps": "PID  %CPU %MEM ELAPSED STAT COMM\n39577   0.1  0.0   18:01 S    /bin/bash"}
{"ts": "2026-09-10T07:46:50Z", "repository": "open-mercato/open-mercato", "pid": 39577, "alive": true, "ps": "PID  %CPU %MEM ELAPSED STAT COMM\n39577   1.2  0.0   20:01 S    /bin/bash"}
{"ts": "2026-09-10T07:48:50Z", "repository": "open-mercato/open-mercato", "pid": 39577, "alive": true, "ps": "PID  %CPU %MEM ELAPSED STAT COMM\n39577   0.0  0.0   22:01 S    /bin/bash"}
{"ts": "2026-09-10T07:50:50Z", "repository": "open-mercato/open-mercato", "pid": 39577, "alive": true, "ps": "PID  %CPU %MEM ELAPSED STAT COMM\n39577   0.1  0.0   24:01 S    /bin/bash"}
{"ts": "2026-09-10T07:52:50Z", "repository": "open-mercato/open-mercato", "pid": 39577, "alive": true, "ps": "PID  %CPU %MEM ELAPSED STAT COMM\n39577   0.1  0.0   26:01 S    /bin/bash"}
{"ts": "2026-09-10T07:54:50Z", "repository": "open-mercato/open-mercato", "pid": 39577, "alive": true, "ps": "PID  %CPU %MEM ELAPSED STAT COMM\n39577   0.0  0.0   28:01 S    /bin/bash"}
{"ts": "2026-09-10T07:56:50Z", "repository": "open-mercato/open-mercato", "pid": 39577, "alive": true, "ps": "PID  %CPU %MEM ELAPSED STAT COMM\n39577   0.0  0.0   30:01 S    /bin/bash"}
{"ts": "2026-09-10T07:58:50Z", "repository": "open-mercato/open-mercato", "pid": 39577, "alive": true, "ps": "PID  %CPU %MEM ELAPSED STAT COMM\n39577   8.2  0.0   32:01 S    /bin/bash"}
{"ts": "2026-09-10T08:00:50Z", "repository": "open-mercato/open-mercato", "pid": 39577, "alive": true, "ps": "PID  %CPU %MEM ELAPSED STAT COMM\n39577  10.9  0.0   34:01 S    /bin/bash"}
{"ts": "2026-09-10T08:02:51Z", "repository": "open-mercato/open-mercato", "pid": 39577, "alive": true, "ps": "PID  %CPU %MEM ELAPSED STAT COMM\n39577   5.2  0.0   36:02 S    /bin/bash"}
{"ts": "2026-09-10T08:04:51Z", "repository": "open-mercato/open-mercato", "pid": 39577, "alive": true, "ps": "PID  %CPU %MEM ELAPSED STAT COMM\n39577  11.7  0.0   38:02 S    /bin/bash"}
{"ts": "2026-09-10T08:06:51Z", "repository": "open-mercato/open-mercato", "pid": 39577, "alive": true, "ps": "PID  %CPU %MEM ELAPSED STAT COMM\n39577   0.0  0.0   40:02 S    /bin/bash"}
{"ts": "2026-09-10T08:08:51Z", "repository": "open-mercato/open-mercato", "pid": 39577, "alive": true, "ps": "PID  %CPU %MEM ELAPSED STAT COMM\n39577   0.0  0.0   42:02 S    /bin/bash"}
{"ts": "2026-09-10T08:10:51Z", "repository": "open-mercato/open-mercato", "pid": 39577, "alive": true, "ps": "PID  %CPU %MEM ELAPSED STAT COMM\n39577   0.7  0.0   44:02 S    /bin/bash"}
{"ts": "2026-09-10T08:12:51Z", "repository": "open-mercato/open-mercato", "pid": 39577, "alive": true, "ps": "PID  %CPU %MEM ELAPSED STAT COMM\n39577   0.0  0.0   46:02 S    /bin/bash"}
{"ts": "2026-09-10T08:14:51Z", "repository": "open-mercato/open-mercato", "pid": 39577, "alive": true, "ps": "PID  %CPU %MEM ELAPSED STAT COMM\n39577   0.4  0.0   48:02 S    /bin/bash"}
{"ts": "2026-09-10T08:16:51Z", "repository": "open-mercato/open-mercato", "pid": 39577, "alive": true, "ps": "PID  %CPU %MEM ELAPSED STAT COMM\n39577   1.3  0.0   50:02 S    /bin/bash"}
{"ts": "2026-09-10T08:18:52Z", "repository": "open-mercato/open-mercato", "pid": 39577, "alive": true, "ps": "PID  %CPU %MEM ELAPSED STAT COMM\n39577   0.0  0.0   52:03 S    /bin/bash"}
{"ts": "2026-09-10T08:20:52Z", "repository": "open-mercato/open-mercato", "pid": 39577, "alive": true, "ps": "PID  %CPU %MEM ELAPSED STAT COMM\n39577   0.0  0.0   54:03 S    /bin/bash"}
{"ts": "2026-09-10T08:22:52Z", "repository": "open-mercato/open-mercato", "pid": 39577, "alive": true, "ps": "PID  %CPU %MEM ELAPSED STAT COMM\n39577   0.0  0.0   56:03 S    /bin/bash"}
{"ts": "2026-09-10T08:24:52Z", "repository": "open-mercato/open-mercato", "pid": 39577, "alive": true, "ps": "PID  %CPU %MEM ELAPSED STAT COMM\n39577   0.0  0.0   58:03 S    /bin/bash"}
{"ts": "2026-09-10T08:26:52Z", "repository": "open-mercato/open-mercato", "pid": 39577, "alive": true, "ps": "PID  %CPU %MEM  ELAPSED STAT COMM\n39577   0.0  0.0 01:00:03 S    /bin/bash"}
{"ts": "2026-09-10T08:28:52Z", "repository": "open-mercato/open-mercato", "pid": 39577, "alive": true, "ps": "PID  %CPU %MEM  ELAPSED STAT COMM\n39577   0.0  0.0 01:02:03 S    /bin/bash"}
{"ts": "2026-09-10T08:30:52Z", "repository": "open-mercato/open-mercato", "pid": 39577, "alive": true, "ps": "PID  %CPU %MEM  ELAPSED STAT COMM\n39577   0.3  0.0 01:04:03 S    /bin/bash"}
{"ts": "2026-09-10T08:32:52Z", "repository": "open-mercato/open-mercato", "pid": 39577, "alive": true, "ps": "PID  %CPU %MEM  ELAPSED STAT COMM\n39577   0.0  0.0 01:06:03 S    /bin/bash"}
{"ts": "2026-09-10T08:34:52Z", "repository": "open-mercato/open-mercato", "pid": 39577, "alive": true, "ps": "PID  %CPU %MEM  ELAPSED STAT COMM\n39577   0.0  0.0 01:08:03 S    /bin/bash"}
{"ts": "2026-09-10T08:36:52Z", "repository": "open-mercato/open-mercato", "pid": 39577, "alive": true, "ps": "PID  %CPU %MEM  ELAPSED STAT COMM\n39577   7.0  0.0 01:10:03 S    /bin/bash"}
{"ts": "2026-09-10T08:38:53Z", "repository": "open-mercato/open-mercato", "pid": 39577, "alive": true, "ps": "PID  %CPU %MEM  ELAPSED STAT COMM\n39577   0.0  0.0 01:12:04 S    /bin/bash"}
{"ts": "2026-09-10T08:40:53Z", "repository": "open-mercato/open-mercato", "pid": 39577, "alive": true, "ps": "PID  %CPU %MEM  ELAPSED STAT COMM\n39577   0.6  0.0 01:14:04 S    /bin/bash"}
{"ts": "2026-09-10T08:42:53Z", "repository": "open-mercato/open-mercato", "pid": 39577, "alive": true, "ps": "PID  %CPU %MEM  ELAPSED STAT COMM\n39577   0.1  0.0 01:16:04 S    /bin/bash"}
{"ts": "2026-09-10T08:44:53Z", "repository": "open-mercato/open-mercato", "pid": 39577, "alive": true, "ps": "PID  %CPU %MEM  ELAPSED STAT COMM\n39577   1.2  0.0 01:18:04 S    /bin/bash"}
{"ts": "2026-09-10T08:46:53Z", "repository": "open-mercato/open-mercato", "pid": 39577, "alive": true, "ps": "PID  %CPU %MEM  ELAPSED STAT COMM\n39577   0.3  0.0 01:20:04 S    /bin/bash"}
{"ts": "2026-09-10T08:48:53Z", "repository": "open-mercato/open-mercato", "pid": 39577, "alive": true, "ps": "PID  %CPU %MEM  ELAPSED STAT COMM\n39577   1.6  0.0 01:22:04 S    /bin/bash"}
{"ts": "2026-09-10T08:50:53Z", "repository": "open-mercato/open-mercato", "pid": 39577, "alive": true, "ps": "PID  %CPU %MEM  ELAPSED STAT COMM\n39577   1.6  0.0 01:24:04 S    /bin/bash"}
{"ts": "2026-09-10T08:52:54Z", "repository": "open-mercato/open-mercato", "pid": 39577, "alive": true, "ps": "PID  %CPU %MEM  ELAPSED STAT COMM\n39577   0.1  0.0 01:26:05 S    /bin/bash"}
{"ts": "2026-09-10T09:18:59Z", "repository": "open-mercato/open-mercato", "pid": 2587, "alive": true, "ps": "PID  %CPU %MEM ELAPSED STAT COMM\n 2587   0.0  0.0   02:00 S    /bin/bash"}
{"ts": "2026-09-10T09:20:59Z", "repository": "open-mercato/open-mercato", "pid": 2587, "alive": true, "ps": "PID  %CPU %MEM ELAPSED STAT COMM\n 2587   0.1  0.0   04:00 S    /bin/bash"}
{"ts": "2026-09-10T09:22:59Z", "repository": "open-mercato/open-mercato", "pid": 2587, "alive": true, "ps": "PID  %CPU %MEM ELAPSED STAT COMM\n 2587   0.0  0.0   06:00 S    /bin/bash"}
{"ts": "2026-09-10T09:24:59Z", "repository": "open-mercato/open-mercato", "pid": 2587, "alive": true, "ps": "PID  %CPU %MEM ELAPSED STAT COMM\n 2587   2.5  0.0   08:00 S    /bin/bash"}
{"ts": "2026-09-10T09:26:59Z", "repository": "open-mercato/open-mercato", "pid": 2587, "alive": true, "ps": "PID  %CPU %MEM ELAPSED STAT COMM\n 2587   0.0  0.0   10:00 S    /bin/bash"}
{"ts": "2026-09-10T09:29:00Z", "repository": "open-mercato/open-mercato", "pid": 2587, "alive": true, "ps": "PID  %CPU %MEM ELAPSED STAT COMM\n 2587   0.1  0.0   12:01 S    /bin/bash"}
{"ts": "2026-09-10T09:31:00Z", "repository": "open-mercato/open-mercato", "pid": 2587, "alive": true, "ps": "PID  %CPU %MEM ELAPSED STAT COMM\n 2587   0.3  0.0   14:01 S    /bin/bash"}
{"ts": "2026-09-10T09:33:00Z", "repository": "open-mercato/open-mercato", "pid": 2587, "alive": true, "ps": "PID  %CPU %MEM ELAPSED STAT COMM\n 2587   0.0  0.0   16:01 S    /bin/bash"}
{"ts": "2026-09-10T09:35:00Z", "repository": "open-mercato/open-mercato", "pid": 2587, "alive": true, "ps": "PID  %CPU %MEM ELAPSED STAT COMM\n 2587   0.3  0.0   18:01 S    /bin/bash"}
{"ts": "2026-09-10T09:37:00Z", "repository": "open-mercato/open-mercato", "pid": 2587, "alive": true, "ps": "PID  %CPU %MEM ELAPSED STAT COMM\n 2587   0.0  0.0   20:01 S    /bin/bash"}
{"ts": "2026-09-10T09:39:00Z", "repository": "open-mercato/open-mercato", "pid": 2587, "alive": true, "ps": "PID  %CPU %MEM ELAPSED STAT COMM\n 2587   0.1  0.0   22:01 S    /bin/bash"}
{"ts": "2026-09-10T09:41:00Z", "repository": "open-mercato/open-mercato", "pid": 2587, "alive": true, "ps": "PID  %CPU %MEM ELAPSED STAT COMM\n 2587   0.1  0.0   24:01 S    /bin/bash"}
{"ts": "2026-09-10T09:43:00Z", "repository": "open-mercato/open-mercato", "pid": 2587, "alive": true, "ps": "PID  %CPU %MEM ELAPSED STAT COMM\n 2587   0.0  0.0   26:01 S    /bin/bash"}
{"ts": "2026-09-10T09:45:01Z", "repository": "open-mercato/open-mercato", "pid": 2587, "alive": true, "ps": "PID  %CPU %MEM ELAPSED STAT COMM\n 2587   0.0  0.0   28:02 S    /bin/bash"}
{"ts": "2026-09-10T09:47:01Z", "repository": "open-mercato/open-mercato", "pid": 2587, "alive": true, "ps": "PID  %CPU %MEM ELAPSED STAT COMM\n 2587   0.1  0.0   30:02 S    /bin/bash"}
{"ts": "2026-09-10T09:49:01Z", "repository": "open-mercato/open-mercato", "pid": 2587, "alive": true, "ps": "PID  %CPU %MEM ELAPSED STAT COMM\n 2587   0.0  0.0   32:02 S    /bin/bash"}
{"ts": "2026-09-10T09:51:01Z", "repository": "open-mercato/open-mercato", "pid": 2587, "alive": true, "ps": "PID  %CPU %MEM ELAPSED STAT COMM\n 2587   0.2  0.0   34:02 S    /bin/bash"}
{"ts": "2026-09-10T09:53:01Z", "repository": "open-mercato/open-mercato", "pid": 2587, "alive": true, "ps": "PID  %CPU %MEM ELAPSED STAT COMM\n 2587   1.2  0.0   36:02 S    /bin/bash"}
{"ts": "2026-09-10T09:55:01Z", "repository": "open-mercato/open-mercato", "pid": 2587, "alive": true, "ps": "PID  %CPU %MEM ELAPSED STAT COMM\n 2587   0.0  0.0   38:02 S    /bin/bash"}
{"ts": "2026-09-10T09:57:01Z", "repository": "open-mercato/open-mercato", "pid": 2587, "alive": true, "ps": "PID  %CPU %MEM ELAPSED STAT COMM\n 2587   8.4  0.0   40:02 S    /bin/bash"}
{"ts": "2026-09-10T09:59:02Z", "repository": "open-mercato/open-mercato", "pid": 2587, "alive": true, "ps": "PID  %CPU %MEM ELAPSED STAT COMM\n 2587   1.5  0.0   42:03 S    /bin/bash"}
{"ts": "2026-09-10T10:01:02Z", "repository": "open-mercato/open-mercato", "pid": 2587, "alive": true, "ps": "PID  %CPU %MEM ELAPSED STAT COMM\n 2587   0.0  0.0   44:03 S    /bin/bash"}
{"ts": "2026-09-10T10:03:02Z", "repository": "open-mercato/open-mercato", "pid": 2587, "alive": true, "ps": "PID  %CPU %MEM ELAPSED STAT COMM\n 2587   0.2  0.0   46:03 S    /bin/bash"}
{"ts": "2026-09-10T10:05:02Z", "repository": "open-mercato/open-mercato", "pid": 2587, "alive": true, "ps": "PID  %CPU %MEM ELAPSED STAT COMM\n 2587   0.0  0.0   48:03 S    /bin/bash"}
{"ts": "2026-09-10T10:07:02Z", "repository": "open-mercato/open-mercato", "pid": 2587, "alive": true, "ps": "PID  %CPU %MEM ELAPSED STAT COMM\n 2587   0.8  0.0   50:03 S    /bin/bash"}
{"ts": "2026-09-10T10:09:02Z", "repository": "open-mercato/open-mercato", "pid": 2587, "alive": true, "ps": "PID  %CPU %MEM ELAPSED STAT COMM\n 2587   0.0  0.0   52:03 S    /bin/bash"}
{"ts": "2026-09-10T10:11:02Z", "repository": "open-mercato/open-mercato", "pid": 2587, "alive": true, "ps": "PID  %CPU %MEM ELAPSED STAT COMM\n 2587   0.1  0.0   54:03 S    /bin/bash"}
{"ts": "2026-09-10T10:13:02Z", "repository": "open-mercato/open-mercato", "pid": 2587, "alive": true, "ps": "PID  %CPU %MEM ELAPSED STAT COMM\n 2587   0.0  0.0   56:03 S    /bin/bash"}
{"ts": "2026-09-10T10:15:03Z", "repository": "open-mercato/open-mercato", "pid": 2587, "alive": true, "ps": "PID  %CPU %MEM ELAPSED STAT COMM\n 2587   0.8  0.0   58:04 S    /bin/bash"}
{"ts": "2026-09-10T10:17:03Z", "repository": "open-mercato/open-mercato", "pid": 2587, "alive": true, "ps": "PID  %CPU %MEM  ELAPSED STAT COMM\n 2587   0.0  0.0 01:00:04 S    /bin/bash"}
{"ts": "2026-09-10T10:19:03Z", "repository": "open-mercato/open-mercato", "pid": 2587, "alive": true, "ps": "PID  %CPU %MEM  ELAPSED STAT COMM\n 2587   0.5  0.0 01:02:04 S    /bin/bash"}
{"ts": "2026-09-10T10:21:03Z", "repository": "open-mercato/open-mercato", "pid": 2587, "alive": true, "ps": "PID  %CPU %MEM  ELAPSED STAT COMM\n 2587   0.0  0.0 01:04:04 S    /bin/bash"}
{"ts": "2026-09-10T10:23:03Z", "repository": "open-mercato/open-mercato", "pid": 2587, "alive": true, "ps": "PID  %CPU %MEM  ELAPSED STAT COMM\n 2587   1.0  0.0 01:06:04 S    /bin/bash"}
{"ts": "2026-09-10T10:25:03Z", "repository": "open-mercato/open-mercato", "pid": 2587, "alive": true, "ps": "PID  %CPU %MEM  ELAPSED STAT COMM\n 2587   0.9  0.0 01:08:04 S    /bin/bash"}
{"ts": "2026-09-10T10:27:03Z", "repository": "open-mercato/open-mercato", "pid": 2587, "alive": true, "ps": "PID  %CPU %MEM  ELAPSED STAT COMM\n 2587   1.0  0.0 01:10:04 S    /bin/bash"}
{"ts": "2026-09-10T10:29:03Z", "repository": "open-mercato/open-mercato", "pid": 2587, "alive": true, "ps": "PID  %CPU %MEM  ELAPSED STAT COMM\n 2587   8.9  0.0 01:12:04 S    /bin/bash"}
{"ts": "2026-09-10T10:31:04Z", "repository": "open-mercato/open-mercato", "pid": 2587, "alive": true, "ps": "PID  %CPU %MEM  ELAPSED STAT COMM\n 2587   1.9  0.0 01:14:05 S    /bin/bash"}
{"ts": "2026-09-10T10:33:04Z", "repository": "open-mercato/open-mercato", "pid": 2587, "alive": true, "ps": "PID  %CPU %MEM  ELAPSED STAT COMM\n 2587   0.1  0.0 01:16:05 S    /bin/bash"}
{"ts": "2026-09-10T10:35:04Z", "repository": "open-mercato/open-mercato", "pid": 2587, "alive": true, "ps": "PID  %CPU %MEM  ELAPSED STAT COMM\n 2587   0.5  0.0 01:18:05 S    /bin/bash"}
{"ts": "2026-09-10T10:37:04Z", "repository": "open-mercato/open-mercato", "pid": 2587, "alive": true, "ps": "PID  %CPU %MEM  ELAPSED STAT COMM\n 2587   0.0  0.0 01:20:05 S    /bin/bash"}
{"ts": "2026-09-10T10:39:04Z", "repository": "open-mercato/open-mercato", "pid": 2587, "alive": true, "ps": "PID  %CPU %MEM  ELAPSED STAT COMM\n 2587   0.0  0.0 01:22:05 S    /bin/bash"}
{"ts": "2026-09-10T10:41:04Z", "repository": "open-mercato/open-mercato", "pid": 2587, "alive": true, "ps": "PID  %CPU %MEM  ELAPSED STAT COMM\n 2587   0.1  0.0 01:24:05 S    /bin/bash"}
{"ts": "2026-09-10T10:43:04Z", "repository": "open-mercato/open-mercato", "pid": 2587, "alive": true, "ps": "PID  %CPU %MEM  ELAPSED STAT COMM\n 2587   0.0  0.0 01:26:05 S    /bin/bash"}
{"ts": "2026-09-10T10:45:04Z", "repository": "open-mercato/open-mercato", "pid": 2587, "alive": true, "ps": "PID  %CPU %MEM  ELAPSED STAT COMM\n 2587   0.0  0.0 01:28:05 S    /bin/bash"}
{"ts": "2026-09-10T10:47:05Z", "repository": "open-mercato/open-mercato", "pid": 2587, "alive": true, "ps": "PID  %CPU %MEM  ELAPSED STAT COMM\n 2587   2.0  0.0 01:30:06 S    /bin/bash"}
{"ts": "2026-09-10T10:51:44Z", "repository": "open-mercato/open-mercato", "pid": 5020, "tree_cpu_seconds": 18.1, "output_bytes": 1420, "stall_streak": 0}
{"ts": "2026-09-10T10:53:44Z", "repository": "open-mercato/open-mercato", "pid": 5020, "tree_cpu_seconds": 33.4, "output_bytes": 1420, "stall_streak": 0}
{"ts": "2026-09-10T10:55:45Z", "repository": "open-mercato/open-mercato", "pid": 5020, "tree_cpu_seconds": 49.7, "output_bytes": 1420, "stall_streak": 0}
{"ts": "2026-09-10T10:57:45Z", "repository": "open-mercato/open-mercato", "pid": 5020, "tree_cpu_seconds": 58.9, "output_bytes": 81276, "stall_streak": 0}
{"ts": "2026-09-10T10:59:45Z", "repository": "open-mercato/open-mercato", "pid": 5020, "tree_cpu_seconds": 74.5, "output_bytes": 156981, "stall_streak": 0}
{"ts": "2026-09-10T11:01:45Z", "repository": "open-mercato/open-mercato", "pid": 5020, "tree_cpu_seconds": 100.2, "output_bytes": 156981, "stall_streak": 0}
{"ts": "2026-09-10T11:03:46Z", "repository": "open-mercato/open-mercato", "pid": 5020, "tree_cpu_seconds": 128.5, "output_bytes": 156981, "stall_streak": 0}
{"ts": "2026-09-10T11:05:46Z", "repository": "open-mercato/open-mercato", "pid": 5020, "tree_cpu_seconds": 158.0, "output_bytes": 156981, "stall_streak": 0}
{"ts": "2026-09-10T11:07:47Z", "repository": "open-mercato/open-mercato", "pid": 5020, "tree_cpu_seconds": 196.3, "output_bytes": 156981, "stall_streak": 0}
{"ts": "2026-09-10T11:09:47Z", "repository": "open-mercato/open-mercato", "pid": 5020, "tree_cpu_seconds": 244.8, "output_bytes": 156981, "stall_streak": 0}
{"ts": "2026-09-10T11:11:47Z", "repository": "open-mercato/open-mercato", "pid": 5020, "tree_cpu_seconds": 281.3, "output_bytes": 176504, "stall_streak": 0}
{"ts": "2026-09-10T11:13:48Z", "repository": "open-mercato/open-mercato", "pid": 5020, "tree_cpu_seconds": 334.8, "output_bytes": 176504, "stall_streak": 0}
{"ts": "2026-09-10T11:15:48Z", "repository": "open-mercato/open-mercato", "pid": 5020, "tree_cpu_seconds": 381.2, "output_bytes": 176504, "stall_streak": 0}
{"ts": "2026-09-10T11:17:48Z", "repository": "open-mercato/open-mercato", "pid": 5020, "tree_cpu_seconds": 442.7, "output_bytes": 176504, "stall_streak": 0}
{"ts": "2026-09-10T11:19:49Z", "repository": "open-mercato/open-mercato", "pid": 5020, "tree_cpu_seconds": 504.5, "output_bytes": 176504, "stall_streak": 0}
{"ts": "2026-09-10T11:21:49Z", "repository": "open-mercato/open-mercato", "pid": 5020, "tree_cpu_seconds": 570.2, "output_bytes": 176504, "stall_streak": 0}
{"ts": "2026-09-10T11:23:50Z", "repository": "open-mercato/open-mercato", "pid": 5020, "tree_cpu_seconds": 638.2, "output_bytes": 176504, "stall_streak": 0}
{"ts": "2026-09-10T11:25:50Z", "repository": "open-mercato/open-mercato", "pid": 5020, "tree_cpu_seconds": 706.6, "output_bytes": 176504, "stall_streak": 0}
{"ts": "2026-09-10T11:27:50Z", "repository": "open-mercato/open-mercato", "pid": 5020, "tree_cpu_seconds": 756.8, "output_bytes": 176756, "stall_streak": 0}
{"ts": "2026-09-10T11:29:51Z", "repository": "open-mercato/open-mercato", "pid": 5020, "tree_cpu_seconds": 788.3, "output_bytes": 176998, "stall_streak": 0}
{"ts": "2026-09-10T11:31:51Z", "repository": "open-mercato/open-mercato", "pid": 5020, "tree_cpu_seconds": 812.7, "output_bytes": 176998, "stall_streak": 0}
{"ts": "2026-09-10T11:33:51Z", "repository": "open-mercato/open-mercato", "pid": 5020, "tree_cpu_seconds": 819.0, "output_bytes": 177244, "stall_streak": 0}
{"ts": "2026-09-10T11:35:52Z", "repository": "open-mercato/open-mercato", "pid": 5020, "tree_cpu_seconds": 830.7, "output_bytes": 297584, "stall_streak": 0}
{"ts": "2026-09-10T11:37:52Z", "repository": "open-mercato/open-mercato", "pid": 5020, "tree_cpu_seconds": 910.8, "output_bytes": 297584, "stall_streak": 0}
{"ts": "2026-09-10T11:39:53Z", "repository": "open-mercato/open-mercato", "pid": 5020, "tree_cpu_seconds": 987.7, "output_bytes": 297584, "stall_streak": 0}
{"ts": "2026-09-10T11:41:54Z", "repository": "open-mercato/open-mercato", "pid": 5020, "tree_cpu_seconds": 1037.1, "output_bytes": 297584, "stall_streak": 0}
{"ts": "2026-09-10T11:43:55Z", "repository": "open-mercato/open-mercato", "pid": 5020, "tree_cpu_seconds": 1079.6, "output_bytes": 297584, "stall_streak": 0}
{"ts": "2026-09-10T11:45:55Z", "repository": "open-mercato/open-mercato", "pid": 5020, "tree_cpu_seconds": 1173.4, "output_bytes": 297584, "stall_streak": 0}
{"ts": "2026-09-10T11:47:55Z", "repository": "open-mercato/open-mercato", "pid": 5020, "tree_cpu_seconds": 1271.8, "output_bytes": 297584, "stall_streak": 0}
{"ts": "2026-09-10T11:49:56Z", "repository": "open-mercato/open-mercato", "pid": 5020, "tree_cpu_seconds": 1366.8, "output_bytes": 297584, "stall_streak": 0}
{"ts": "2026-09-10T11:51:56Z", "repository": "open-mercato/open-mercato", "pid": 5020, "tree_cpu_seconds": 1449.4, "output_bytes": 297584, "stall_streak": 0}
{"ts": "2026-09-10T11:53:57Z", "repository": "open-mercato/open-mercato", "pid": 5020, "tree_cpu_seconds": 1503.2, "output_bytes": 297584, "stall_streak": 0}
{"ts": "2026-09-10T11:55:58Z", "repository": "open-mercato/open-mercato", "pid": 5020, "tree_cpu_seconds": 1597.6, "output_bytes": 297584, "stall_streak": 0}
{"ts": "2026-09-10T11:57:58Z", "repository": "open-mercato/open-mercato", "pid": 5020, "tree_cpu_seconds": 1689.2, "output_bytes": 297584, "stall_streak": 0}
{"ts": "2026-09-10T11:59:58Z", "repository": "open-mercato/open-mercato", "pid": 5020, "tree_cpu_seconds": 1772.9, "output_bytes": 297584, "stall_streak": 0}
{"ts": "2026-09-10T12:01:59Z", "repository": "open-mercato/open-mercato", "pid": 5020, "tree_cpu_seconds": 1866.2, "output_bytes": 297584, "stall_streak": 0}
{"ts": "2026-09-10T12:03:59Z", "repository": "open-mercato/open-mercato", "pid": 5020, "tree_cpu_seconds": 1967.7, "output_bytes": 297584, "stall_streak": 0}
{"ts": "2026-09-10T12:06:00Z", "repository": "open-mercato/open-mercato", "pid": 5020, "tree_cpu_seconds": 2068.9, "output_bytes": 297584, "stall_streak": 0}
{"ts": "2026-09-10T12:08:00Z", "repository": "open-mercato/open-mercato", "pid": 5020, "tree_cpu_seconds": 2174.5, "output_bytes": 297584, "stall_streak": 0}
{"ts": "2026-09-10T12:10:01Z", "repository": "open-mercato/open-mercato", "pid": 5020, "tree_cpu_seconds": 2279.5, "output_bytes": 297584, "stall_streak": 0}
{"ts": "2026-09-10T12:12:01Z", "repository": "open-mercato/open-mercato", "pid": 5020, "tree_cpu_seconds": 2384.5, "output_bytes": 297584, "stall_streak": 0}
{"ts": "2026-09-10T12:14:01Z", "repository": "open-mercato/open-mercato", "pid": 5020, "tree_cpu_seconds": 2491.0, "output_bytes": 297584, "stall_streak": 0}
{"ts": "2026-09-10T12:16:02Z", "repository": "open-mercato/open-mercato", "pid": 5020, "tree_cpu_seconds": 2597.0, "output_bytes": 297584, "stall_streak": 0}
{"ts": "2026-09-10T12:18:02Z", "repository": "open-mercato/open-mercato", "pid": 5020, "tree_cpu_seconds": 2705.8, "output_bytes": 297584, "stall_streak": 0}
{"ts": "2026-09-10T12:20:02Z", "repository": "open-mercato/open-mercato", "pid": 5020, "tree_cpu_seconds": 2767.9, "output_bytes": 577198, "stall_streak": 0}
{"ts": "2026-09-10T12:22:02Z", "repository": "open-mercato/open-mercato", "pid": 5020, "tree_cpu_seconds": 2796.2, "output_bytes": 778721, "stall_streak": 0}
{"ts": "2026-09-10T12:24:03Z", "repository": "open-mercato/open-mercato", "pid": 5020, "tree_cpu_seconds": 2841.6, "output_bytes": 778721, "stall_streak": 0}
{"ts": "2026-09-10T12:26:03Z", "repository": "open-mercato/open-mercato", "pid": 5020, "tree_cpu_seconds": 2882.4, "output_bytes": 778721, "stall_streak": 0}
{"ts": "2026-09-10T12:28:04Z", "repository": "open-mercato/open-mercato", "pid": 5020, "tree_cpu_seconds": 2938.2, "output_bytes": 778721, "stall_streak": 0}
{"ts": "2026-09-10T12:30:04Z", "repository": "open-mercato/open-mercato", "pid": 5020, "tree_cpu_seconds": 3007.1, "output_bytes": 778721, "stall_streak": 0}
{"ts": "2026-09-10T12:32:05Z", "repository": "open-mercato/open-mercato", "pid": 5020, "tree_cpu_seconds": 3028.7, "output_bytes": 778721, "stall_streak": 0}
{"ts": "2026-09-10T12:34:05Z", "repository": "open-mercato/open-mercato", "pid": 5020, "tree_cpu_seconds": 3083.0, "output_bytes": 809992, "stall_streak": 0}
{"ts": "2026-09-10T12:36:05Z", "repository": "open-mercato/open-mercato", "pid": 5020, "tree_cpu_seconds": 3155.0, "output_bytes": 809992, "stall_streak": 0}
{"ts": "2026-09-10T12:38:06Z", "repository": "open-mercato/open-mercato", "pid": 5020, "tree_cpu_seconds": 3195.3, "output_bytes": 809992, "stall_streak": 0}
{"ts": "2026-09-10T12:40:06Z", "repository": "open-mercato/open-mercato", "pid": 5020, "tree_cpu_seconds": 3199.3, "output_bytes": 811337, "stall_streak": 0}
{"ts": "2026-09-10T12:42:06Z", "repository": "open-mercato/open-mercato", "pid": 5020, "tree_cpu_seconds": 3223.0, "output_bytes": 811337, "stall_streak": 0}
{"ts": "2026-09-10T12:44:07Z", "repository": "open-mercato/open-mercato", "pid": 5020, "tree_cpu_seconds": 3250.8, "output_bytes": 811919, "stall_streak": 0}
{"ts": "2026-09-10T12:46:07Z", "repository": "open-mercato/open-mercato", "pid": 5020, "tree_cpu_seconds": 3272.9, "output_bytes": 825152, "stall_streak": 0}
{"ts": "2026-09-10T12:53:44Z", "repository": "open-mercato/open-mercato", "pid": 11751, "tree_cpu_seconds": 18.6, "output_bytes": 1420, "stall_streak": 0}
{"ts": "2026-09-10T12:55:45Z", "repository": "open-mercato/open-mercato", "pid": 11751, "tree_cpu_seconds": 33.7, "output_bytes": 1420, "stall_streak": 0}
{"ts": "2026-09-10T12:57:45Z", "repository": "open-mercato/open-mercato", "pid": 11751, "tree_cpu_seconds": 51.0, "output_bytes": 1420, "stall_streak": 0}
{"ts": "2026-09-10T12:59:46Z", "repository": "open-mercato/open-mercato", "pid": 11751, "tree_cpu_seconds": 60.5, "output_bytes": 2902, "stall_streak": 0}
{"ts": "2026-09-10T13:01:46Z", "repository": "open-mercato/open-mercato", "pid": 11751, "tree_cpu_seconds": 74.6, "output_bytes": 81276, "stall_streak": 0}
{"ts": "2026-09-10T13:03:46Z", "repository": "open-mercato/open-mercato", "pid": 11751, "tree_cpu_seconds": 85.9, "output_bytes": 156981, "stall_streak": 0}
{"ts": "2026-09-10T13:05:47Z", "repository": "open-mercato/open-mercato", "pid": 11751, "tree_cpu_seconds": 110.6, "output_bytes": 156981, "stall_streak": 0}
{"ts": "2026-09-10T13:07:47Z", "repository": "open-mercato/open-mercato", "pid": 11751, "tree_cpu_seconds": 136.5, "output_bytes": 156981, "stall_streak": 0}
{"ts": "2026-09-10T13:09:48Z", "repository": "open-mercato/open-mercato", "pid": 11751, "tree_cpu_seconds": 162.0, "output_bytes": 156981, "stall_streak": 0}
{"ts": "2026-09-10T13:11:48Z", "repository": "open-mercato/open-mercato", "pid": 11751, "tree_cpu_seconds": 201.7, "output_bytes": 156981, "stall_streak": 0}
{"ts": "2026-09-10T13:13:49Z", "repository": "open-mercato/open-mercato", "pid": 11751, "tree_cpu_seconds": 224.3, "output_bytes": 156981, "stall_streak": 0}
{"ts": "2026-09-10T13:15:49Z", "repository": "open-mercato/open-mercato", "pid": 11751, "tree_cpu_seconds": 270.8, "output_bytes": 156981, "stall_streak": 0}
{"ts": "2026-09-10T13:17:50Z", "repository": "open-mercato/open-mercato", "pid": 11751, "tree_cpu_seconds": 315.1, "output_bytes": 156981, "stall_streak": 0}
{"ts": "2026-09-10T13:19:50Z", "repository": "open-mercato/open-mercato", "pid": 11751, "tree_cpu_seconds": 343.6, "output_bytes": 156981, "stall_streak": 0}
{"ts": "2026-09-10T13:21:50Z", "repository": "open-mercato/open-mercato", "pid": 11751, "tree_cpu_seconds": 379.2, "output_bytes": 176504, "stall_streak": 0}
{"ts": "2026-09-10T13:23:51Z", "repository": "open-mercato/open-mercato", "pid": 11751, "tree_cpu_seconds": 425.7, "output_bytes": 176504, "stall_streak": 0}
{"ts": "2026-09-10T13:44:21Z", "repository": "open-mercato/open-mercato", "pid": 48834, "tree_cpu_seconds": 18.8, "output_bytes": 1420, "stall_streak": 0}
{"ts": "2026-09-10T13:46:21Z", "repository": "open-mercato/open-mercato", "pid": 48834, "tree_cpu_seconds": 33.9, "output_bytes": 1420, "stall_streak": 0}
{"ts": "2026-09-10T13:48:22Z", "repository": "open-mercato/open-mercato", "pid": 48834, "tree_cpu_seconds": 53.0, "output_bytes": 1420, "stall_streak": 0}
{"ts": "2026-09-10T13:50:22Z", "repository": "open-mercato/open-mercato", "pid": 48834, "tree_cpu_seconds": 57.8, "output_bytes": 2902, "stall_streak": 0}
{"ts": "2026-09-10T13:52:23Z", "repository": "open-mercato/open-mercato", "pid": 48834, "tree_cpu_seconds": 72.1, "output_bytes": 81276, "stall_streak": 0}
{"ts": "2026-09-10T13:54:23Z", "repository": "open-mercato/open-mercato", "pid": 48834, "tree_cpu_seconds": 83.8, "output_bytes": 156981, "stall_streak": 0}
{"ts": "2026-09-10T13:56:23Z", "repository": "open-mercato/open-mercato", "pid": 48834, "tree_cpu_seconds": 109.9, "output_bytes": 156981, "stall_streak": 0}
{"ts": "2026-09-10T13:58:24Z", "repository": "open-mercato/open-mercato", "pid": 48834, "tree_cpu_seconds": 135.9, "output_bytes": 156981, "stall_streak": 0}
{"ts": "2026-09-10T14:00:24Z", "repository": "open-mercato/open-mercato", "pid": 48834, "tree_cpu_seconds": 169.5, "output_bytes": 156981, "stall_streak": 0}
{"ts": "2026-09-10T14:02:25Z", "repository": "open-mercato/open-mercato", "pid": 48834, "tree_cpu_seconds": 197.0, "output_bytes": 156981, "stall_streak": 0}
{"ts": "2026-09-10T14:04:25Z", "repository": "open-mercato/open-mercato", "pid": 48834, "tree_cpu_seconds": 229.3, "output_bytes": 156981, "stall_streak": 0}
{"ts": "2026-09-10T14:06:26Z", "repository": "open-mercato/open-mercato", "pid": 48834, "tree_cpu_seconds": 274.8, "output_bytes": 156981, "stall_streak": 0}
{"ts": "2026-09-10T14:08:26Z", "repository": "open-mercato/open-mercato", "pid": 48834, "tree_cpu_seconds": 321.9, "output_bytes": 156981, "stall_streak": 0}
{"ts": "2026-09-10T14:10:26Z", "repository": "open-mercato/open-mercato", "pid": 48834, "tree_cpu_seconds": 360.8, "output_bytes": 176504, "stall_streak": 0}
{"ts": "2026-09-10T14:12:27Z", "repository": "open-mercato/open-mercato", "pid": 48834, "tree_cpu_seconds": 418.8, "output_bytes": 176504, "stall_streak": 0}
{"ts": "2026-09-10T14:14:27Z", "repository": "open-mercato/open-mercato", "pid": 48834, "tree_cpu_seconds": 480.6, "output_bytes": 176504, "stall_streak": 0}
{"ts": "2026-09-10T14:16:27Z", "repository": "open-mercato/open-mercato", "pid": 48834, "tree_cpu_seconds": 544.0, "output_bytes": 176504, "stall_streak": 0}
{"ts": "2026-09-10T14:18:28Z", "repository": "open-mercato/open-mercato", "pid": 48834, "tree_cpu_seconds": 609.7, "output_bytes": 176504, "stall_streak": 0}
{"ts": "2026-09-10T14:20:28Z", "repository": "open-mercato/open-mercato", "pid": 48834, "tree_cpu_seconds": 677.6, "output_bytes": 176504, "stall_streak": 0}
{"ts": "2026-09-10T14:22:28Z", "repository": "open-mercato/open-mercato", "pid": 48834, "tree_cpu_seconds": 748.2, "output_bytes": 176504, "stall_streak": 0}
{"ts": "2026-09-10T14:24:29Z", "repository": "open-mercato/open-mercato", "pid": 48834, "tree_cpu_seconds": 780.7, "output_bytes": 176504, "stall_streak": 0}
{"ts": "2026-09-10T14:26:29Z", "repository": "open-mercato/open-mercato", "pid": 48834, "tree_cpu_seconds": 788.5, "output_bytes": 176504, "stall_streak": 0}
{"ts": "2026-09-10T14:28:29Z", "repository": "open-mercato/open-mercato", "pid": 48834, "tree_cpu_seconds": 795.9, "output_bytes": 176504, "stall_streak": 0}
{"ts": "2026-09-10T14:30:30Z", "repository": "open-mercato/open-mercato", "pid": 48834, "tree_cpu_seconds": 803.8, "output_bytes": 176504, "stall_streak": 0}
{"ts": "2026-09-10T14:32:30Z", "repository": "open-mercato/open-mercato", "pid": 48834, "tree_cpu_seconds": 811.0, "output_bytes": 176504, "stall_streak": 0}
{"ts": "2026-09-10T14:34:31Z", "repository": "open-mercato/open-mercato", "pid": 48834, "tree_cpu_seconds": 782.4, "output_bytes": 176504, "stall_streak": 1}
{"ts": "2026-09-10T14:36:31Z", "repository": "open-mercato/open-mercato", "pid": 48834, "tree_cpu_seconds": 788.0, "output_bytes": 176504, "stall_streak": 0}
{"ts": "2026-09-10T14:38:31Z", "repository": "open-mercato/open-mercato", "pid": 48834, "tree_cpu_seconds": 794.0, "output_bytes": 176504, "stall_streak": 0}
{"ts": "2026-09-10T14:40:31Z", "repository": "open-mercato/open-mercato", "pid": 48834, "tree_cpu_seconds": 801.2, "output_bytes": 176504, "stall_streak": 0}
{"ts": "2026-09-10T14:42:32Z", "repository": "open-mercato/open-mercato", "pid": 48834, "tree_cpu_seconds": 808.3, "output_bytes": 176504, "stall_streak": 0}
{"ts": "2026-09-10T14:44:32Z", "repository": "open-mercato/open-mercato", "pid": 48834, "tree_cpu_seconds": 814.6, "output_bytes": 176504, "stall_streak": 0}
{"ts": "2026-09-10T14:46:32Z", "repository": "open-mercato/open-mercato", "pid": 48834, "tree_cpu_seconds": 806.4, "output_bytes": 176504, "stall_streak": 1}
{"ts": "2026-09-10T14:48:33Z", "repository": "open-mercato/open-mercato", "pid": 48834, "tree_cpu_seconds": 833.5, "output_bytes": 176504, "stall_streak": 0}
{"ts": "2026-09-10T14:50:33Z", "repository": "open-mercato/open-mercato", "pid": 48834, "tree_cpu_seconds": 841.7, "output_bytes": 176504, "stall_streak": 0}
{"ts": "2026-09-10T14:52:33Z", "repository": "open-mercato/open-mercato", "pid": 48834, "tree_cpu_seconds": 841.9, "output_bytes": 178066, "stall_streak": 0}
{"ts": "2026-09-10T14:54:34Z", "repository": "open-mercato/open-mercato", "pid": 48834, "tree_cpu_seconds": 844.5, "output_bytes": 178066, "stall_streak": 0}
{"ts": "2026-09-10T14:56:34Z", "repository": "open-mercato/open-mercato", "pid": 48834, "tree_cpu_seconds": 846.0, "output_bytes": 178066, "stall_streak": 0}
{"ts": "2026-09-10T14:58:34Z", "repository": "open-mercato/open-mercato", "pid": 48834, "tree_cpu_seconds": 851.1, "output_bytes": 178066, "stall_streak": 0}
{"ts": "2026-09-10T15:00:34Z", "repository": "open-mercato/open-mercato", "pid": 48834, "tree_cpu_seconds": 887.5, "output_bytes": 297912, "stall_streak": 0}
{"ts": "2026-09-10T15:02:35Z", "repository": "open-mercato/open-mercato", "pid": 48834, "tree_cpu_seconds": 995.1, "output_bytes": 297912, "stall_streak": 0}
{"ts": "2026-09-10T15:04:35Z", "repository": "open-mercato/open-mercato", "pid": 48834, "tree_cpu_seconds": 1095.2, "output_bytes": 297912, "stall_streak": 0}
{"ts": "2026-09-10T15:06:35Z", "repository": "open-mercato/open-mercato", "pid": 48834, "tree_cpu_seconds": 1200.4, "output_bytes": 297912, "stall_streak": 0}
{"ts": "2026-09-10T15:08:36Z", "repository": "open-mercato/open-mercato", "pid": 48834, "tree_cpu_seconds": 1300.3, "output_bytes": 297912, "stall_streak": 0}
{"ts": "2026-09-10T15:10:36Z", "repository": "open-mercato/open-mercato", "pid": 48834, "tree_cpu_seconds": 1408.0, "output_bytes": 297912, "stall_streak": 0}
{"ts": "2026-09-10T15:12:36Z", "repository": "open-mercato/open-mercato", "pid": 48834, "tree_cpu_seconds": 1513.3, "output_bytes": 297912, "stall_streak": 0}
{"ts": "2026-09-10T15:14:37Z", "repository": "open-mercato/open-mercato", "pid": 48834, "tree_cpu_seconds": 1616.3, "output_bytes": 297912, "stall_streak": 0}
{"ts": "2026-09-10T15:16:37Z", "repository": "open-mercato/open-mercato", "pid": 48834, "tree_cpu_seconds": 1718.2, "output_bytes": 297912, "stall_streak": 0}
{"ts": "2026-09-10T15:18:37Z", "repository": "open-mercato/open-mercato", "pid": 48834, "tree_cpu_seconds": 1825.6, "output_bytes": 297912, "stall_streak": 0}
{"ts": "2026-09-10T15:20:37Z", "repository": "open-mercato/open-mercato", "pid": 48834, "tree_cpu_seconds": 1932.3, "output_bytes": 297912, "stall_streak": 0}
{"ts": "2026-09-10T15:22:38Z", "repository": "open-mercato/open-mercato", "pid": 48834, "tree_cpu_seconds": 2037.9, "output_bytes": 297912, "stall_streak": 0}
{"ts": "2026-09-10T15:24:38Z", "repository": "open-mercato/open-mercato", "pid": 48834, "tree_cpu_seconds": 2145.0, "output_bytes": 297912, "stall_streak": 0}
{"ts": "2026-09-10T15:26:38Z", "repository": "open-mercato/open-mercato", "pid": 48834, "tree_cpu_seconds": 2251.5, "output_bytes": 297912, "stall_streak": 0}
{"ts": "2026-09-10T15:28:39Z", "repository": "open-mercato/open-mercato", "pid": 48834, "tree_cpu_seconds": 2359.5, "output_bytes": 297912, "stall_streak": 0}
{"ts": "2026-09-10T15:30:39Z", "repository": "open-mercato/open-mercato", "pid": 48834, "tree_cpu_seconds": 2385.9, "output_bytes": 297912, "stall_streak": 0}
{"ts": "2026-09-10T15:32:39Z", "repository": "open-mercato/open-mercato", "pid": 48834, "tree_cpu_seconds": 2388.0, "output_bytes": 297912, "stall_streak": 0}
{"ts": "2026-09-10T15:34:40Z", "repository": "open-mercato/open-mercato", "pid": 48834, "tree_cpu_seconds": 2390.9, "output_bytes": 297912, "stall_streak": 0}
{"ts": "2026-09-10T15:36:40Z", "repository": "open-mercato/open-mercato", "pid": 48834, "tree_cpu_seconds": 2396.0, "output_bytes": 297912, "stall_streak": 0}
{"ts": "2026-09-10T15:38:41Z", "repository": "open-mercato/open-mercato", "pid": 48834, "tree_cpu_seconds": 2398.4, "output_bytes": 297912, "stall_streak": 0}
{"ts": "2026-09-10T15:40:41Z", "repository": "open-mercato/open-mercato", "pid": 48834, "tree_cpu_seconds": 2399.7, "output_bytes": 297912, "stall_streak": 0}
{"ts": "2026-09-10T15:42:41Z", "repository": "open-mercato/open-mercato", "pid": 48834, "tree_cpu_seconds": 2402.4, "output_bytes": 297912, "stall_streak": 0}
{"ts": "2026-09-10T15:44:42Z", "repository": "open-mercato/open-mercato", "pid": 48834, "tree_cpu_seconds": 2406.1, "output_bytes": 297912, "stall_streak": 0}
{"ts": "2026-09-10T15:46:42Z", "repository": "open-mercato/open-mercato", "pid": 48834, "tree_cpu_seconds": 2411.8, "output_bytes": 629141, "stall_streak": 0}
{"ts": "2026-09-10T15:48:42Z", "repository": "open-mercato/open-mercato", "pid": 48834, "tree_cpu_seconds": 2449.3, "output_bytes": 830664, "stall_streak": 0}
{"ts": "2026-09-10T15:50:43Z", "repository": "open-mercato/open-mercato", "pid": 48834, "tree_cpu_seconds": 2494.6, "output_bytes": 830664, "stall_streak": 0}
{"ts": "2026-09-10T15:52:43Z", "repository": "open-mercato/open-mercato", "pid": 48834, "tree_cpu_seconds": 2557.4, "output_bytes": 830664, "stall_streak": 0}
{"ts": "2026-09-10T15:54:44Z", "repository": "open-mercato/open-mercato", "pid": 48834, "tree_cpu_seconds": 2624.1, "output_bytes": 830664, "stall_streak": 0}
{"ts": "2026-09-10T15:56:42Z", "repository": "open-mercato/open-mercato", "pid": 48834, "tree_cpu_seconds": 2654.0, "output_bytes": 830664, "stall_streak": 0}
{"ts": "2026-09-10T15:58:42Z", "repository": "open-mercato/open-mercato", "pid": 48834, "tree_cpu_seconds": 2680.1, "output_bytes": 861935, "stall_streak": 0}
{"ts": "2026-09-10T16:00:43Z", "repository": "open-mercato/open-mercato", "pid": 48834, "tree_cpu_seconds": 2750.7, "output_bytes": 861935, "stall_streak": 0}
{"ts": "2026-09-10T16:02:43Z", "repository": "open-mercato/open-mercato", "pid": 48834, "tree_cpu_seconds": 2806.2, "output_bytes": 861935, "stall_streak": 0}
{"ts": "2026-09-10T16:04:43Z", "repository": "open-mercato/open-mercato", "pid": 48834, "tree_cpu_seconds": 2814.2, "output_bytes": 861935, "stall_streak": 0}
{"ts": "2026-09-10T16:06:44Z", "repository": "open-mercato/open-mercato", "pid": 48834, "tree_cpu_seconds": 2815.8, "output_bytes": 863280, "stall_streak": 0}
{"ts": "2026-09-10T16:08:44Z", "repository": "open-mercato/open-mercato", "pid": 48834, "tree_cpu_seconds": 2863.8, "output_bytes": 863862, "stall_streak": 0}
{"ts": "2026-09-10T16:10:44Z", "repository": "open-mercato/open-mercato", "pid": 48834, "tree_cpu_seconds": 2878.4, "output_bytes": 876389, "stall_streak": 0}
