[1] ever-co/ever-gauzy @ 54b537baf8 — fetching
    fetched; source_fingerprint_pre=0d266710c17d992e…; scanning (no wall-clock cutoff)
    exit=0 duration_s=6720.5 summary_total=1967 listed=1952 ast=15 unexplained=0 incomplete_rules=0 status=scanned
[2] open-mercato/open-mercato @ 8b492325d3 — fetching
    fetched; source_fingerprint_pre=3b7fc7b04a7636cc…; scanning (no wall-clock cutoff)
    exit=2 duration_s=5181.1 summary_total=1901 listed=1898 ast=3 unexplained=0 incomplete_rules=13 status=incomplete-evidence reasons=exit_code=2,incomplete_rules=13

scanned 1/2 to complete evidence -> benchmarks/field-scan-v1-extension/ledger.json
[1] ever-co/ever-gauzy @ 54b537baf8 — already scanned in this extension ledger
[2] open-mercato/open-mercato @ 8b492325d3 — fetching
    fetched; source_fingerprint_pre=3b7fc7b04a7636cc…; scanning (no wall-clock cutoff)
[1] ever-co/ever-gauzy @ 54b537baf8 — already scanned in this extension ledger
[2] open-mercato/open-mercato @ 8b492325d3 — fetching
    fetched; source_fingerprint_pre=3b7fc7b04a7636cc…; scanning (no wall-clock cutoff)
    exit=2 duration_s=7103.6 summary_total=3527 listed=3524 ast=3 unexplained=0 incomplete_rules=7 status=incomplete-evidence reasons=exit_code=2;incomplete_rules=7

scanned 1/2 to complete evidence -> benchmarks/field-scan-v1-extension/ledger.json
[1] ever-co/ever-gauzy @ 54b537baf8 — already scanned in this extension ledger
[2] open-mercato/open-mercato @ 8b492325d3 — fetching
    fetched; source_fingerprint_pre=3b7fc7b04a7636cc…; scanning (no wall-clock cutoff)
[1] ever-co/ever-gauzy @ 54b537baf8 — already scanned in this extension ledger
[2] open-mercato/open-mercato @ 8b492325d3 — fetching
    fetched; source_fingerprint_pre=3b7fc7b04a7636cc…; scanning (no wall-clock cutoff)
    exit=0 duration_s=9025.7 summary_total=3779 listed=3776 ast=3 unexplained=0 incomplete_rules=0 status=scanned

scanned 2/2 to complete evidence -> benchmarks/field-scan-v1-extension/ledger.json
